MemTotal:       32801640 kB
MemFree:        18121308 kB
MemAvailable:   28239448 kB
Buffers:             504 kB
Cached:         10152964 kB
SwapCached:          712 kB
Active:          4000872 kB
Inactive:        8772816 kB
Active(anon):    2435884 kB
Inactive(anon):   304440 kB
Active(file):    1564988 kB
Inactive(file):  8468376 kB
Unevictable:        5868 kB
Mlocked:            5868 kB
SwapTotal:       8388604 kB
SwapFree:        8022672 kB
Zswap:                 0 kB
Zswapped:              0 kB
Dirty:              1532 kB
Writeback:             0 kB
AnonPages:       2625900 kB
Mapped:           954724 kB
Shmem:            115128 kB
KReclaimable:     552368 kB
Slab:            1045884 kB
SReclaimable:     552368 kB
SUnreclaim:       493516 kB
KernelStack:       27120 kB
PageTables:        43404 kB
SecPageTables:      3084 kB
NFS_Unstable:          0 kB
Bounce:                0 kB
WritebackTmp:          0 kB
CommitLimit:    24789424 kB
Committed_AS:   11384532 kB
VmallocTotal:   34359738367 kB
VmallocUsed:      193312 kB
VmallocChunk:          0 kB
Percpu:            37632 kB
HardwareCorrupted:     0 kB
AnonHugePages:         0 kB
ShmemHugePages:        0 kB
ShmemPmdMapped:        0 kB
FileHugePages:         0 kB
FilePmdMapped:         0 kB
CmaTotal:              0 kB
CmaFree:               0 kB
Unaccepted:            0 kB
Balloon:               0 kB
HugePages_Total:       0
HugePages_Free:        0
HugePages_Rsvd:        0
HugePages_Surp:        0
Hugepagesize:       2048 kB
Hugetlb:               0 kB
DirectMap4k:      482720 kB
DirectMap2M:    13053952 kB
DirectMap1G:    19922944 kB
